// Jest Snapshot v1, https://goo.gl/fbAQLP

exports[`Describe renders without crashing 1`] = `<div />`;
